app/(payload)/admin/[[...segments]]/page.tsx(14,59): error TS2345: Argument of type '{ config: Promise<SanitizedConfig>; params: Promise<{ segments: string[]; }>; searchParams: Promise<{ [key: string]: string | string[]; }>; }' is not assignable to parameter of type '{ readonly config: Promise<SanitizedConfig>; readonly importMap: ImportMap; readonly params: Promise<{ segments: string[]; }>; readonly searchParams: Promise<...>; }'.
  Property 'importMap' is missing in type '{ config: Promise<SanitizedConfig>; params: Promise<{ segments: string[]; }>; searchParams: Promise<{ [key: string]: string | string[]; }>; }' but required in type '{ readonly config: Promise<SanitizedConfig>; readonly importMap: ImportMap; readonly params: Promise<{ segments: string[]; }>; readonly searchParams: Promise<...>; }'.
app/(payload)/layout.tsx(7,4): error TS2739: Type '{ children: ReactNode; config: Promise<SanitizedConfig>; }' is missing the following properties from type '{ readonly children: ReactNode; readonly config: Promise<SanitizedConfig>; readonly htmlProps?: HtmlHTMLAttributes<HTMLHtmlElement>; readonly importMap: ImportMap; readonly serverFunction: ServerFunctionClient; }': importMap, serverFunction
